// Jest Snapshot v1, https://goo.gl/fbAQLP

exports[`<JobSteps/> should highlight step 1 if job is in step 1 1`] = `
<span
  className="container"
>
  <span
    className="step"
  >
    <span
      className="line"
    />
    <span
      className="circle circle-active"
    >
      1
    </span>
  </span>
  <span
    className="step"
  >
    <span
      className="line"
    />
    <span
      className="circle"
    >
      2
    </span>
  </span>
  <span
    className="step"
  >
    <span
      className="circle"
    >
      3
    </span>
  </span>
</span>
`;

exports[`<JobSteps/> should render nothing if step is null 1`] = `null`;
